// Jest Snapshot v1, https://goo.gl/fbAQLP

exports[`Render History 1`] = `ShallowWrapper {}`;
