// Jest Snapshot v1, https://goo.gl/fbAQLP

exports[`Render Logout 1`] = `ShallowWrapper {}`;
