// Jest Snapshot v1, https://goo.gl/fbAQLP

exports[`Render Transfer 1`] = `ShallowWrapper {}`;
